\BOOKMARK [0][-]{chapter.1}{\376\377\000I\000n\000t\000r\000o\000d\000u\000c\000t\000i\000o\000n}{}% 1
\BOOKMARK [1][-]{section.1.1}{\376\377\000A\000G\000N\000\040\000s\000t\000r\000u\000c\000t\000u\000r\000e}{chapter.1}% 2
\BOOKMARK [2][-]{subsection.1.1.1}{\376\377\000A\000c\000c\000r\000e\000t\000i\000o\000n\000\040\000D\000i\000s\000k}{section.1.1}% 3
\BOOKMARK [2][-]{subsection.1.1.2}{\376\377\000C\000o\000r\000o\000n\000a}{section.1.1}% 4
\BOOKMARK [2][-]{subsection.1.1.3}{\376\377\000B\000r\000o\000a\000d\000-\000l\000i\000n\000e\000\040\000R\000e\000g\000i\000o\000n}{section.1.1}% 5
\BOOKMARK [2][-]{subsection.1.1.4}{\376\377\000D\000u\000s\000t\000y\000\040\000T\000o\000r\000u\000s}{section.1.1}% 6
\BOOKMARK [2][-]{subsection.1.1.5}{\376\377\000R\000e\000l\000a\000t\000i\000v\000i\000s\000t\000i\000c\000\040\000J\000e\000t\000s}{section.1.1}% 7
\BOOKMARK [2][-]{subsection.1.1.6}{\376\377\000N\000a\000r\000r\000o\000w\000-\000l\000i\000n\000e\000\040\000R\000e\000g\000i\000o\000n}{section.1.1}% 8
\BOOKMARK [1][-]{section.1.2}{\376\377\000M\000o\000t\000i\000v\000a\000t\000i\000o\000n\000\040\000a\000n\000d\000\040\000O\000b\000j\000e\000c\000t\000i\000v\000e\000s}{chapter.1}% 9
\BOOKMARK [0][-]{chapter.2}{\376\377\000V\000a\000r\000i\000a\000b\000i\000l\000i\000t\000y\000\040\000o\000f\000\040\000A\000G\000N}{}% 10
\BOOKMARK [1][-]{section.2.1}{\376\377\000P\000h\000y\000s\000i\000c\000a\000l\000\040\000O\000r\000i\000g\000i\000n\000\040\000a\000n\000d\000\040\000T\000i\000m\000e\000s\000c\000a\000l\000e\000s}{chapter.2}% 11
\BOOKMARK [2][-]{subsection.2.1.1}{\376\377\000R\000e\000v\000e\000r\000b\000e\000r\000a\000t\000i\000o\000n\000\040\000M\000a\000p\000p\000i\000n\000g}{section.2.1}% 12
\BOOKMARK [1][-]{section.2.2}{\376\377\000V\000a\000r\000i\000a\000b\000i\000l\000i\000t\000y\000\040\000C\000h\000a\000r\000a\000c\000t\000e\000r\000i\000z\000a\000t\000i\000o\000n}{chapter.2}% 13
\BOOKMARK [0][-]{chapter.3}{\376\377\000S\000i\000m\000u\000l\000a\000t\000i\000o\000n\000\040\000F\000r\000a\000m\000e\000w\000o\000r\000k}{}% 14
\BOOKMARK [1][-]{section.3.1}{\376\377\000S\000t\000o\000c\000h\000a\000s\000t\000i\000c\000\040\000P\000r\000o\000c\000e\000s\000s\000e\000s}{chapter.3}% 15
\BOOKMARK [2][-]{subsection.3.1.1}{\376\377\000T\000h\000e\000\040\000T\000r\000a\000n\000s\000i\000t\000i\000o\000n\000\040\000P\000r\000o\000b\000a\000b\000i\000l\000i\000t\000y}{section.3.1}% 16
\BOOKMARK [1][-]{section.3.2}{\376\377\000P\000h\000y\000s\000i\000c\000a\000l\000l\000y\000\040\000M\000o\000t\000i\000v\000a\000t\000e\000d\000\040\000T\000i\000m\000e\000s\000c\000a\000l\000e\000s}{chapter.3}% 17
\BOOKMARK [1][-]{section.3.3}{\376\377\000L\000i\000g\000h\000t\000\040\000C\000u\000r\000v\000e\000\040\000G\000e\000n\000e\000r\000a\000t\000i\000o\000n}{chapter.3}% 18
\BOOKMARK [1][-]{section.3.4}{\376\377\000S\000a\000m\000p\000l\000i\000n\000g\000\040\000R\000e\000g\000i\000m\000e}{chapter.3}% 19
\BOOKMARK [0][-]{chapter.4}{\376\377\000N\000e\000u\000r\000a\000l\000\040\000S\000t\000o\000c\000h\000a\000s\000t\000i\000c\000\040\000F\000l\000o\000w\000s}{}% 20
\BOOKMARK [1][-]{section.4.1}{\376\377\000N\000o\000r\000m\000a\000l\000i\000z\000i\000n\000g\000\040\000F\000l\000o\000w\000s}{chapter.4}% 21
\BOOKMARK [1][-]{section.4.2}{\376\377\000F\000r\000o\000m\000\040\000S\000t\000a\000t\000i\000c\000\040\000D\000e\000n\000s\000i\000t\000i\000e\000s\000\040\000t\000o\000\040\000T\000r\000a\000n\000s\000i\000t\000i\000o\000n\000\040\000L\000a\000w\000s}{chapter.4}% 22
\BOOKMARK [1][-]{section.4.3}{\376\377\000T\000r\000i\000p\000l\000e\000t\000s\000\040\000a\000n\000d\000\040\000S\000t\000o\000c\000h\000a\000s\000t\000i\000c\000\040\000B\000r\000i\000d\000g\000e\000s}{chapter.4}% 23
\BOOKMARK [1][-]{section.4.4}{\376\377\000T\000r\000a\000i\000n\000i\000n\000g\000\040\000O\000b\000j\000e\000c\000t\000i\000v\000e}{chapter.4}% 24
\BOOKMARK [1][-]{section.4.5}{\376\377\000R\000e\000c\000o\000n\000s\000t\000r\000u\000c\000t\000i\000o\000n}{chapter.4}% 25
\BOOKMARK [1][-]{section.4.6}{\376\377\000I\000m\000p\000l\000e\000m\000e\000n\000t\000a\000t\000i\000o\000n}{chapter.4}% 26
\BOOKMARK [0][-]{chapter.5}{\376\377\000R\000e\000s\000u\000l\000t\000s}{}% 27
\BOOKMARK [1][-]{section.5.1}{\376\377\000E\000x\000p\000e\000r\000i\000m\000e\000n\000t\000a\000l\000\040\000S\000e\000t\000u\000p}{chapter.5}% 28
\BOOKMARK [1][-]{section.5.2}{\376\377\000L\000o\000w\000\040\000N\000o\000i\000s\000e\000\040\000S\000i\000m\000u\000l\000a\000t\000i\000o\000n\000s}{chapter.5}% 29
\BOOKMARK [2][-]{subsection.5.2.1}{\376\377\000F\000i\000x\000e\000d\000\040\000T\000i\000m\000e\000s\000c\000a\000l\000e}{section.5.2}% 30
\BOOKMARK [2][-]{subsection.5.2.2}{\376\377\000V\000a\000r\000y\000i\000n\000g\000\040\000T\000i\000m\000e\000s\000c\000a\000l\000e}{section.5.2}% 31
\BOOKMARK [1][-]{section.5.3}{\376\377\000Z\000T\000F\000\040\000E\000x\000p\000e\000r\000i\000m\000e\000n\000t\000s}{chapter.5}% 32
\BOOKMARK [1][-]{section.5.4}{\376\377\000C\000a\000l\000i\000b\000r\000a\000t\000i\000o\000n\000\040\000o\000n\000\040\000S\000i\000m\000u\000l\000a\000t\000e\000d\000\040\000Z\000T\000F\000\040\000D\000a\000t\000a}{chapter.5}% 33
\BOOKMARK [1][-]{section.5.5}{\376\377\000A\000p\000p\000l\000i\000c\000a\000t\000i\000o\000n\000\040\000t\000o\000\040\000R\000e\000a\000l\000\040\000Z\000T\000F\000\040\000L\000i\000g\000h\000t\000\040\000C\000u\000r\000v\000e\000s}{chapter.5}% 34
\BOOKMARK [1][-]{section.5.6}{\376\377\000D\000i\000s\000c\000u\000s\000s\000i\000o\000n}{chapter.5}% 35
\BOOKMARK [0][-]{chapter.6}{\376\377\000C\000o\000n\000c\000l\000u\000s\000i\000o\000n\000s}{}% 36
\BOOKMARK [0][-]{chapter*.37}{\376\377\000B\000i\000b\000l\000i\000o\000g\000r\000a\000p\000h\000y}{}% 37
\BOOKMARK [0][-]{appendix.A}{\376\377\000D\000e\000r\000i\000v\000a\000t\000i\000o\000n\000\040\000o\000f\000\040\000t\000h\000e\000\040\000D\000a\000m\000p\000e\000d\000\040\000R\000a\000n\000d\000o\000m\000\040\000W\000a\000l\000k\000\040\000T\000r\000a\000n\000s\000i\000t\000i\000o\000n\000\040\000P\000r\000o\000b\000a\000b\000i\000l\000i\000t\000y}{}% 38
\BOOKMARK [0][-]{appendix.B}{\376\377\000N\000e\000u\000r\000a\000l\000\040\000S\000t\000o\000c\000h\000a\000s\000t\000i\000c\000\040\000F\000l\000o\000w\000\040\000i\000n\000\040\000D\000e\000p\000t\000h}{}% 39
\BOOKMARK [1][-]{section.B.1}{\376\377\000T\000h\000e\000\040\000B\000r\000i\000d\000g\000e\000\040\000A\000r\000c\000h\000i\000t\000e\000c\000t\000u\000r\000e}{appendix.B}% 40
\BOOKMARK [1][-]{section.B.2}{\376\377\000T\000h\000e\000\040\000T\000r\000i\000p\000l\000e\000t\000-\000C\000o\000n\000s\000i\000s\000t\000e\000n\000c\000y\000\040\000L\000o\000s\000s}{appendix.B}% 41
\BOOKMARK [2][-]{subsection.B.2.1}{\376\377\000F\000o\000r\000w\000a\000r\000d\000\040\000D\000i\000r\000e\000c\000t\000i\000o\000n}{section.B.2}% 42
\BOOKMARK [2][-]{subsection.B.2.2}{\376\377\000R\000e\000v\000e\000r\000s\000e\000\040\000D\000i\000r\000e\000c\000t\000i\000o\000n}{section.B.2}% 43
\BOOKMARK [2][-]{subsection.B.2.3}{\376\377\000C\000o\000m\000b\000i\000n\000e\000d\000\040\000L\000o\000s\000s}{section.B.2}% 44
